start d=2107985254: a=ed91e45ced91e45ced91e45ced91e45c (p=32) b=00000000000000000000000000000000 (p=1)
d=2107985254: frozen diagonal (r_d = 0), p_(d-1)=32, weight 17, candidates b6e14797491eb868b6e14797491eb868 / 491eb868b6e14797491eb868b6e14797 (period 64)
  branch 0 taken
d=2107985255: running max of the period reaches 64
checkpoint d=2200000000: a=3883dc097c06a7853883dc097c06a785 b=4d1bee0cac3f03644d1bee0cac3f0364
checkpoint d=2300000000: a=4370145f17607d9e4370145f17607d9e b=4f00d6a43c4b35674f00d6a43c4b3567
checkpoint d=2400000000: a=0051a97682631a300051a97682631a30 b=6ecabdd9895ff98c6ecabdd9895ff98c
checkpoint d=2500000000: a=69718f4fe6655fcf69718f4fe6655fcf b=6413c37e448226126413c37e44822612
checkpoint d=2600000000: a=7cb4a2741f0d2ce17cb4a2741f0d2ce1 b=1f91e1eb0a890d2c1f91e1eb0a890d2c
checkpoint d=2700000000: a=29f362397229407229f3623972294072 b=b2483381b195dd4cb2483381b195dd4c
checkpoint d=2800000000: a=736d2d30551bb6ea736d2d30551bb6ea b=64a1e7f452d615c764a1e7f452d615c7
checkpoint d=2900000000: a=a1999650156dcb11a1999650156dcb11 b=f9518905ae083a84f9518905ae083a84
checkpoint d=3000000000: a=db7907ebc4052151db7907ebc4052151 b=aa59151b41defd30aa59151b41defd30
checkpoint d=3100000000: a=989a313be8441e70989a313be8441e70 b=953cba6d6bfd7ace953cba6d6bfd7ace
checkpoint d=3200000000: a=9ddf46b32fc4ceb59ddf46b32fc4ceb5 b=087c37879788bd5e087c37879788bd5e
checkpoint d=3300000000: a=27c885c516f3bd0a27c885c516f3bd0a b=0e4081d24ed1555f0e4081d24ed1555f
checkpoint d=3400000000: a=a1e68a34efcaac7da1e68a34efcaac7d b=6cd7c570079afcc36cd7c570079afcc3
checkpoint d=3500000000: a=06838dd8556fbaaa06838dd8556fbaaa b=f09e2973985bdc3ff09e2973985bdc3f
checkpoint d=3600000000: a=636ea55acadcf642636ea55acadcf642 b=4f1e86a50a478aa94f1e86a50a478aa9
checkpoint d=3700000000: a=1b224c093b40dcc41b224c093b40dcc4 b=c8008ed7d7064a8ac8008ed7d7064a8a
checkpoint d=3800000000: a=a1b9d643fb0bd69ba1b9d643fb0bd69b b=9ee2a98929459ee19ee2a98929459ee1
checkpoint d=3900000000: a=0846c47b7adf68280846c47b7adf6828 b=36063eb8a3c7fd9a36063eb8a3c7fd9a
checkpoint d=4000000000: a=e32fafe12e32b0dfe32fafe12e32b0df b=7e4e9e53d2b95c227e4e9e53d2b95c22
checkpoint d=4100000000: a=bbc7c144e6a4419bbbc7c144e6a4419b b=d8d7d15d828a4c35d8d7d15d828a4c35
checkpoint d=4200000000: a=fafa0179c4500253fafa0179c4500253 b=fc78ee703706af1cfc78ee703706af1c
checkpoint d=4300000000: a=3aa03608baa95b4c3aa03608baa95b4c b=dc746b7b15104e5cdc746b7b15104e5c
checkpoint d=4400000000: a=a68bbbdef0a4551ba68bbbdef0a4551b b=7d39025cc19c08637d39025cc19c0863
checkpoint d=4500000000: a=761b3676fe8028fe761b3676fe8028fe b=ace6c32cae355f85ace6c32cae355f85
checkpoint d=4600000000: a=53374e1f3233c68453374e1f3233c684 b=7183c042dc5d2a807183c042dc5d2a80
checkpoint d=4700000000: a=7e3bc5d505363f737e3bc5d505363f73 b=14ec99c35c765acb14ec99c35c765acb
checkpoint d=4800000000: a=f2028a0bf973caaaf2028a0bf973caaa b=f68d52171535a39af68d52171535a39a
checkpoint d=4900000000: a=b675bae474c3c89cb675bae474c3c89c b=ac5dab9f16a718f4ac5dab9f16a718f4
checkpoint d=5000000000: a=c45c5d2cba00e36bc45c5d2cba00e36b b=bc978d6597c16959bc978d6597c16959
checkpoint d=5100000000: a=00438e908c08ff2000438e908c08ff20 b=42100c5134076ced42100c5134076ced
checkpoint d=5200000000: a=bb067b1f70d083afbb067b1f70d083af b=8fec6ab1f3984bcf8fec6ab1f3984bcf
checkpoint d=5300000000: a=5d5724f82a3133a35d5724f82a3133a3 b=5518df538bf664775518df538bf66477
checkpoint d=5400000000: a=fa746a674330c646fa746a674330c646 b=f054ff44fe653ac9f054ff44fe653ac9
checkpoint d=5500000000: a=cceb20fa78e2f489cceb20fa78e2f489 b=a0a26a9ee236f0cea0a26a9ee236f0ce
checkpoint d=5600000000: a=c8b676b2f2f260e9c8b676b2f2f260e9 b=26befd4a04fcc89f26befd4a04fcc89f
checkpoint d=5700000000: a=62d7dbdf33d8bb2c62d7dbdf33d8bb2c b=7f6520bb3e2f60837f6520bb3e2f6083
checkpoint d=5800000000: a=91d109c22d6c6acf91d109c22d6c6acf b=0cc4e0bd29bba0910cc4e0bd29bba091
checkpoint d=5900000000: a=73ab7e63d5121b9073ab7e63d5121b90 b=f99f45c9f4829efdf99f45c9f4829efd
checkpoint d=6000000000: a=25c941f8d172e76225c941f8d172e762 b=3a90903e4fb3eb8b3a90903e4fb3eb8b
checkpoint d=6100000000: a=0b45b0fa5615878f0b45b0fa5615878f b=4ce8bdf36041e9424ce8bdf36041e942
checkpoint d=6200000000: a=2e6b09f4f3241b462e6b09f4f3241b46 b=979ed96c256a9f18979ed96c256a9f18
checkpoint d=6300000000: a=6d4ecd685cf62e186d4ecd685cf62e18 b=c2540702ed6bcddec2540702ed6bcdde
checkpoint d=6400000000: a=997a17d10be3bf33997a17d10be3bf33 b=92b95cf0fa6dceb892b95cf0fa6dceb8
checkpoint d=6500000000: a=35b3ae73b20f96d335b3ae73b20f96d3 b=96fdd2e14a99642196fdd2e14a996421
checkpoint d=6600000000: a=6806560f34f9bb8c6806560f34f9bb8c b=ca19f88610a09c6dca19f88610a09c6d
checkpoint d=6700000000: a=0e521c56e9ada36c0e521c56e9ada36c b=98a7f676eff4c80c98a7f676eff4c80c
checkpoint d=6800000000: a=b5fa5a6356e5ed33b5fa5a6356e5ed33 b=b1ad89ee5cba6c82b1ad89ee5cba6c82
checkpoint d=6900000000: a=576e245dfe405bcb576e245dfe405bcb b=63763f8d0578d96f63763f8d0578d96f
checkpoint d=7000000000: a=53e12141b5c143e353e12141b5c143e3 b=e307012058ffce32e307012058ffce32
checkpoint d=7100000000: a=9ffe6b935b623fdd9ffe6b935b623fdd b=15fdbdaf01d68d7c15fdbdaf01d68d7c
checkpoint d=7200000000: a=45a2cb88758a44e545a2cb88758a44e5 b=6a210c75b96ece576a210c75b96ece57
checkpoint d=7300000000: a=0bfadef79582c12b0bfadef79582c12b b=9c771028888459659c77102888845965
checkpoint d=7400000000: a=8edee666bd204ba38edee666bd204ba3 b=91b9a33092c9effa91b9a33092c9effa
checkpoint d=7500000000: a=53546a2d6e7ee6b653546a2d6e7ee6b6 b=29b385cc9189b73e29b385cc9189b73e
checkpoint d=7600000000: a=275c352ed6e23af9275c352ed6e23af9 b=8ae1be3c4ed3223a8ae1be3c4ed3223a
checkpoint d=7700000000: a=d88238fcd8994e14d88238fcd8994e14 b=f297ecd04de2eaf5f297ecd04de2eaf5
checkpoint d=7800000000: a=727ffdb5cea10c63727ffdb5cea10c63 b=912c36dd9505f02f912c36dd9505f02f
checkpoint d=7900000000: a=04df82c194e7c0b504df82c194e7c0b5 b=f2cc5d1c37154c22f2cc5d1c37154c22
checkpoint d=8000000000: a=2b8a6ef3de8162cb2b8a6ef3de8162cb b=a4b46e9a8dcfa212a4b46e9a8dcfa212
checkpoint d=8100000000: a=0a2df6bedf29088a0a2df6bedf29088a b=0e052ea32521e90e0e052ea32521e90e
checkpoint d=8200000000: a=3eaa58aec03cdde53eaa58aec03cdde5 b=dc879db78421fb98dc879db78421fb98
checkpoint d=8300000000: a=704530a3dd9bd901704530a3dd9bd901 b=11e464bb4a8c599811e464bb4a8c5998
checkpoint d=8400000000: a=d858b2ea9a25d1abd858b2ea9a25d1ab b=7c6adff77b6cc6567c6adff77b6cc656
checkpoint d=8500000000: a=eea5ea8be1c9c5a0eea5ea8be1c9c5a0 b=cd450841e94637c7cd450841e94637c7
checkpoint d=8600000000: a=bbbed3f3729f5b75bbbed3f3729f5b75 b=d1ca44da52b79e7bd1ca44da52b79e7b
checkpoint d=8700000000: a=7ee84bf4447e8c047ee84bf4447e8c04 b=d0506aff5bc5ed96d0506aff5bc5ed96
checkpoint d=8800000000: a=44692ec2c9631c9744692ec2c9631c97 b=42ce9d6b14c8661b42ce9d6b14c8661b
checkpoint d=8900000000: a=0034906dd2f725bd0034906dd2f725bd b=6a4abb9ff2bcb3c66a4abb9ff2bcb3c6
checkpoint d=9000000000: a=8051bdcf3778d06a8051bdcf3778d06a b=8f1e4456371dbe5b8f1e4456371dbe5b
checkpoint d=9100000000: a=f0674905d13b7161f0674905d13b7161 b=5861814c622b61ad5861814c622b61ad
checkpoint d=9200000000: a=1362a5666c738d0e1362a5666c738d0e b=41fb9f181c5824ae41fb9f181c5824ae
checkpoint d=9300000000: a=a27d05f6a0b6ff34a27d05f6a0b6ff34 b=0c73e8bd562fb2ee0c73e8bd562fb2ee
checkpoint d=9400000000: a=c48b77478e32d9b5c48b77478e32d9b5 b=8dd98e5d369d92368dd98e5d369d9236
checkpoint d=9500000000: a=0c55cfa349f1a5890c55cfa349f1a589 b=4ac57980fc13beb54ac57980fc13beb5
checkpoint d=9600000000: a=f859fbb8743203faf859fbb8743203fa b=917a8c222566774b917a8c222566774b
checkpoint d=9700000000: a=1fb6610ddcc5fe9d1fb6610ddcc5fe9d b=b3e498c53d35d0ecb3e498c53d35d0ec
checkpoint d=9800000000: a=361ce0f245393e84361ce0f245393e84 b=de0eb2e4d4a47ff9de0eb2e4d4a47ff9
checkpoint d=9900000000: a=698054f392aa2dea698054f392aa2dea b=f43621d7ff4f18bef43621d7ff4f18be
checkpoint d=10000000000: a=0d2f7e6a5be6ea790d2f7e6a5be6ea79 b=c3db374517970222c3db374517970222
checkpoint d=10100000000: a=e8b2d6c66b055bd3e8b2d6c66b055bd3 b=3d0e4bb2a60eb02b3d0e4bb2a60eb02b
checkpoint d=10200000000: a=d671a5ffcdc81fb8d671a5ffcdc81fb8 b=788e43461f74cd10788e43461f74cd10
checkpoint d=10300000000: a=d66e36b62a944475d66e36b62a944475 b=e29daa32a70f8bb1e29daa32a70f8bb1
checkpoint d=10400000000: a=75ffc7b5160101f575ffc7b5160101f5 b=b5c964667cd5e481b5c964667cd5e481
checkpoint d=10500000000: a=f3bbf41c50c981e2f3bbf41c50c981e2 b=7fe0828735a222677fe0828735a22267
checkpoint d=10600000000: a=ff212727236fd156ff212727236fd156 b=5f06037c0d8d8a545f06037c0d8d8a54
checkpoint d=10700000000: a=49f06d8d17cccbb349f06d8d17cccbb3 b=12560c13ec66bcd312560c13ec66bcd3
checkpoint d=10800000000: a=3785ffb3672517013785ffb367251701 b=7ac5a79d8f83c28d7ac5a79d8f83c28d
checkpoint d=10900000000: a=32eba29c676379f232eba29c676379f2 b=cf3277d4b7564a57cf3277d4b7564a57
checkpoint d=11000000000: a=9207c4ba34d5459c9207c4ba34d5459c b=9cfb79d7da52d50b9cfb79d7da52d50b
checkpoint d=11100000000: a=198df636c72a6190198df636c72a6190 b=cf9c855c07f57cdfcf9c855c07f57cdf
checkpoint d=11200000000: a=e5f99b64e0cef74be5f99b64e0cef74b b=f02cbcc554db1427f02cbcc554db1427
checkpoint d=11300000000: a=9db2ec029ce4dc889db2ec029ce4dc88 b=0866ec6f35d813310866ec6f35d81331
checkpoint d=11400000000: a=c6bc5140fcfbc4bec6bc5140fcfbc4be b=94970d2cf98a77cd94970d2cf98a77cd
checkpoint d=11500000000: a=897e713b00dbea38897e713b00dbea38 b=ac648b68cf15a91dac648b68cf15a91d
checkpoint d=11600000000: a=954baae5b292a822954baae5b292a822 b=e1ee87fa1ee07fd3e1ee87fa1ee07fd3
checkpoint d=11700000000: a=a6f6c7d5b286e5e4a6f6c7d5b286e5e4 b=be687dd991f44e87be687dd991f44e87
checkpoint d=11800000000: a=123d6adf86ed561c123d6adf86ed561c b=aff51034933ea338aff51034933ea338
checkpoint d=11900000000: a=fe6c7751bdf97326fe6c7751bdf97326 b=e016b16a10f93bc3e016b16a10f93bc3
checkpoint d=12000000000: a=7b99c7b2211f8cbd7b99c7b2211f8cbd b=1242baf55ca304d61242baf55ca304d6
checkpoint d=12100000000: a=8fe973ec4cb3b6008fe973ec4cb3b600 b=ea0a42e52dedc92dea0a42e52dedc92d
distance histogram at period 64 (10000000000 pairs): 0:0 1:0 2:0 3:0 4:0 5:0 6:0 7:0 8:3 9:17 10:75 11:388 12:1776 13:6972 14:26333 15:85951 16:263903 17:748623 18:1951728 19:4723394 20:10632831 21:22290255 22:43544753 23:79544158 24:135888124 25:217400787 26:326097264 27:458945235 28:606451771 29:752889300 30:878332719 31:963380631 32:993452629 33:963412547 34:878371075 35:752876326 36:606482262 37:458964728 38:326108490 39:217407771 40:135892236 41:79527065 42:43567917 43:22278571 44:10636537 45:4724489 46:1953865 47:749365 48:265093 49:86483 50:26061 51:7183 52:1792 53:426 54:80 55:16 56:1 57:1 58:0 59:0 60:0 61:0 62:0 63:0 64:0
period histogram (p: count): 1: 1 32: 2 64: 9999999997
final labels: a=abc87b2d7f575d9cabc87b2d7f575d9c b=da0bfcf510de141cda0bfcf510de141c
