d=28: observed advance; verdict by lookback depth K: [(2, '?'), (3, '?'), (4, '?'), (6, '?'), (8, '?'), (12, '?'), (16, '?'), (24, '?'), (32, '?')]
d=399: observed stall; verdict by lookback depth K: [(2, '?'), (3, 'stall'), (4, 'stall'), (6, 'stall'), (8, 'stall'), (12, 'stall'), (16, 'stall'), (24, 'stall'), (32, 'stall')]
d=53207: observed stall; verdict by lookback depth K: [(2, '?'), (3, 'stall'), (4, 'stall'), (6, 'stall'), (8, 'stall'), (12, 'stall'), (16, 'stall'), (24, 'stall'), (32, 'stall')]
d=58286: observed advance; verdict by lookback depth K: [(2, '?'), (3, '?'), (4, '?'), (6, '?'), (8, '?'), (12, '?'), (16, '?'), (24, '?'), (32, '?')]
d=87866: observed stall; verdict by lookback depth K: [(2, '?'), (3, 'stall'), (4, 'stall'), (6, 'stall'), (8, 'stall'), (12, 'stall'), (16, 'stall'), (24, 'stall'), (32, 'stall')]
d=1420878968 K=3: 128 histories: forced advance 20, forced stall 32, undecided 76
   stall: start phase 0, moves (1, 1), fronts mod P [0, 1, 3]
   stall: start phase 1, moves (0, 1), fronts mod P [1, 1, 3]
   stall: start phase 2, moves (1, 1), fronts mod P [2, 7, 9]
   stall: start phase 3, moves (1, 1), fronts mod P [3, 7, 9]
   stall: start phase 4, moves (1, 1), fronts mod P [4, 7, 9]
   stall: start phase 5, moves (1, 1), fronts mod P [5, 7, 9]
   ?: start phase 0, moves (0, 0), fronts mod P [0, 0, 0]
   ?: start phase 0, moves (0, 1), fronts mod P [0, 0, 1]
   ?: start phase 1, moves (0, 0), fronts mod P [1, 1, 1]
   ?: start phase 1, moves (1, 0), fronts mod P [1, 2, 2]
   ?: start phase 1, moves (1, 1), fronts mod P [1, 2, 3]
   ?: start phase 2, moves (0, 0), fronts mod P [2, 2, 2]
d=1420878968 K=4: 256 histories: forced advance 28, forced stall 72, undecided 156
   stall: start phase 0, moves (0, 1, 1), fronts mod P [0, 0, 1, 3]
   stall: start phase 0, moves (1, 0, 1), fronts mod P [0, 1, 1, 3]
   stall: start phase 1, moves (0, 0, 1), fronts mod P [1, 1, 1, 3]
   stall: start phase 1, moves (1, 0, 1), fronts mod P [1, 7, 7, 9]
   stall: start phase 2, moves (0, 1, 1), fronts mod P [2, 2, 7, 9]
   stall: start phase 2, moves (1, 0, 1), fronts mod P [2, 7, 7, 9]
   ?: start phase 0, moves (0, 0, 0), fronts mod P [0, 0, 0, 0]
   ?: start phase 0, moves (0, 0, 1), fronts mod P [0, 0, 0, 1]
   ?: start phase 0, moves (1, 0, 0), fronts mod P [0, 1, 1, 1]
   ?: start phase 0, moves (1, 1, 0), fronts mod P [0, 1, 2, 2]
   ?: start phase 0, moves (1, 1, 1), fronts mod P [0, 1, 2, 3]
   ?: start phase 1, moves (0, 0, 0), fronts mod P [1, 1, 1, 1]
d=1420878968 K=5: 512 histories: forced advance 114, forced stall 175, undecided 223
   stall: start phase 0, moves (0, 0, 1, 1), fronts mod P [0, 0, 0, 1, 3]
   stall: start phase 0, moves (0, 1, 0, 1), fronts mod P [0, 0, 1, 1, 3]
   stall: start phase 0, moves (1, 0, 1, 1), fronts mod P [0, 2, 2, 7, 9]
   stall: start phase 0, moves (1, 1, 0, 1), fronts mod P [0, 2, 7, 7, 9]
   stall: start phase 1, moves (0, 0, 0, 1), fronts mod P [1, 1, 1, 1, 3]
   stall: start phase 1, moves (0, 1, 0, 1), fronts mod P [1, 1, 7, 7, 9]
   ?: start phase 0, moves (0, 0, 0, 0), fronts mod P [0, 0, 0, 0, 0]
   ?: start phase 0, moves (0, 0, 0, 1), fronts mod P [0, 0, 0, 0, 1]
   ?: start phase 0, moves (0, 1, 0, 0), fronts mod P [0, 0, 1, 1, 1]
   ?: start phase 0, moves (0, 1, 1, 0), fronts mod P [0, 0, 1, 2, 2]
   ?: start phase 0, moves (0, 1, 1, 1), fronts mod P [0, 0, 1, 2, 3]
   ?: start phase 0, moves (1, 0, 0, 1), fronts mod P [0, 2, 2, 2, 3]
d=1420878968 K=6: 1024 histories: forced advance 245, forced stall 412, undecided 367
   stall: start phase 0, moves (0, 0, 0, 1, 1), fronts mod P [0, 0, 0, 0, 1, 3]
   stall: start phase 0, moves (0, 0, 1, 0, 1), fronts mod P [0, 0, 0, 1, 1, 3]
   stall: start phase 0, moves (0, 1, 0, 1, 1), fronts mod P [0, 0, 2, 2, 7, 9]
   stall: start phase 0, moves (0, 1, 1, 0, 1), fronts mod P [0, 0, 2, 7, 7, 9]
   stall: start phase 0, moves (1, 0, 0, 0, 1), fronts mod P [0, 1, 1, 1, 1, 3]
   stall: start phase 0, moves (1, 0, 0, 1, 0), fronts mod P [0, 1, 1, 1, 2, 2]
   ?: start phase 0, moves (0, 0, 0, 0, 0), fronts mod P [0, 0, 0, 0, 0, 0]
   ?: start phase 0, moves (0, 0, 0, 0, 1), fronts mod P [0, 0, 0, 0, 0, 1]
   ?: start phase 0, moves (0, 0, 1, 0, 0), fronts mod P [0, 0, 0, 1, 1, 1]
   ?: start phase 0, moves (0, 0, 1, 1, 0), fronts mod P [0, 0, 0, 1, 2, 2]
   ?: start phase 0, moves (0, 0, 1, 1, 1), fronts mod P [0, 0, 0, 1, 2, 3]
   ?: start phase 0, moves (0, 1, 0, 0, 1), fronts mod P [0, 0, 2, 2, 2, 3]
d=1420878968 K=7: 2048 histories: forced advance 484, forced stall 859, undecided 705
   stall: start phase 0, moves (0, 0, 0, 0, 1, 1), fronts mod P [0, 0, 0, 0, 0, 1, 3]
   stall: start phase 0, moves (0, 0, 0, 1, 0, 1), fronts mod P [0, 0, 0, 0, 1, 1, 3]
   stall: start phase 0, moves (0, 0, 1, 0, 1, 1), fronts mod P [0, 0, 0, 2, 2, 7, 9]
   stall: start phase 0, moves (0, 0, 1, 1, 0, 1), fronts mod P [0, 0, 0, 2, 7, 7, 9]
   stall: start phase 0, moves (0, 1, 0, 0, 0, 1), fronts mod P [0, 0, 1, 1, 1, 1, 3]
   stall: start phase 0, moves (0, 1, 0, 0, 1, 0), fronts mod P [0, 0, 1, 1, 1, 2, 2]
   ?: start phase 0, moves (0, 0, 0, 0, 0, 0), fronts mod P [0, 0, 0, 0, 0, 0, 0]
   ?: start phase 0, moves (0, 0, 0, 0, 0, 1), fronts mod P [0, 0, 0, 0, 0, 0, 1]
   ?: start phase 0, moves (0, 0, 0, 1, 0, 0), fronts mod P [0, 0, 0, 0, 1, 1, 1]
   ?: start phase 0, moves (0, 0, 0, 1, 1, 0), fronts mod P [0, 0, 0, 0, 1, 2, 2]
   ?: start phase 0, moves (0, 0, 0, 1, 1, 1), fronts mod P [0, 0, 0, 0, 1, 2, 3]
   ?: start phase 0, moves (0, 0, 1, 0, 0, 1), fronts mod P [0, 0, 0, 2, 2, 2, 3]
d=1420878968 K=8: 4096 histories: forced advance 1038, forced stall 1791, undecided 1267
   stall: start phase 0, moves (0, 0, 0, 0, 0, 1, 1), fronts mod P [0, 0, 0, 0, 0, 0, 1, 3]
   stall: start phase 0, moves (0, 0, 0, 0, 1, 0, 1), fronts mod P [0, 0, 0, 0, 0, 1, 1, 3]
   stall: start phase 0, moves (0, 0, 0, 1, 0, 1, 1), fronts mod P [0, 0, 0, 0, 2, 2, 7, 9]
   stall: start phase 0, moves (0, 0, 0, 1, 1, 0, 1), fronts mod P [0, 0, 0, 0, 2, 7, 7, 9]
   stall: start phase 0, moves (0, 0, 1, 0, 0, 0, 1), fronts mod P [0, 0, 0, 1, 1, 1, 1, 3]
   stall: start phase 0, moves (0, 0, 1, 0, 0, 1, 0), fronts mod P [0, 0, 0, 1, 1, 1, 2, 2]
   ?: start phase 0, moves (0, 0, 0, 0, 0, 0, 0), fronts mod P [0, 0, 0, 0, 0, 0, 0, 0]
   ?: start phase 0, moves (0, 0, 0, 0, 0, 0, 1), fronts mod P [0, 0, 0, 0, 0, 0, 0, 1]
   ?: start phase 0, moves (0, 0, 0, 0, 1, 0, 0), fronts mod P [0, 0, 0, 0, 0, 1, 1, 1]
   ?: start phase 0, moves (0, 0, 0, 0, 1, 1, 0), fronts mod P [0, 0, 0, 0, 0, 1, 2, 2]
   ?: start phase 0, moves (0, 0, 0, 0, 1, 1, 1), fronts mod P [0, 0, 0, 0, 0, 1, 2, 3]
   ?: start phase 0, moves (0, 0, 0, 1, 0, 0, 1), fronts mod P [0, 0, 0, 0, 2, 2, 2, 3]
