d=399 K=5: 128 histories: forced advance 27, forced stall 47, undecided 54
   stall: start phase 0, moves (0, 0, 0, 1), fronts mod P [0, 0, 0, 0, 4]
   stall: start phase 0, moves (0, 0, 1, 0), fronts mod P [0, 0, 0, 3, 3]
   stall: start phase 0, moves (0, 1, 0, 1), fronts mod P [0, 0, 4, 4, 6]
   stall: start phase 0, moves (0, 1, 1, 0), fronts mod P [0, 0, 4, 5, 5]
   stall: start phase 0, moves (1, 0, 0, 1), fronts mod P [0, 2, 2, 2, 4]
   stall: start phase 0, moves (1, 1, 0, 1), fronts mod P [0, 2, 4, 4, 6]
   ?: start phase 0, moves (0, 0, 0, 0), fronts mod P [0, 0, 0, 0, 0]
   ?: start phase 0, moves (0, 1, 0, 0), fronts mod P [0, 0, 4, 4, 4]
   ?: start phase 0, moves (1, 0, 0, 0), fronts mod P [0, 2, 2, 2, 2]
   ?: start phase 0, moves (1, 0, 1, 0), fronts mod P [0, 2, 2, 3, 3]
   ?: start phase 0, moves (1, 0, 1, 1), fronts mod P [0, 2, 2, 3, 4]
   ?: start phase 0, moves (1, 1, 0, 0), fronts mod P [0, 2, 4, 4, 4]
d=53207 K=5: 256 histories: forced advance 69, forced stall 104, undecided 83
   stall: start phase 0, moves (0, 0, 1, 1), fronts mod P [0, 0, 0, 1, 6]
   stall: start phase 0, moves (0, 1, 0, 1), fronts mod P [0, 0, 1, 1, 6]
   stall: start phase 0, moves (0, 1, 1, 0), fronts mod P [0, 0, 1, 5, 5]
   stall: start phase 0, moves (1, 0, 0, 1), fronts mod P [0, 1, 1, 1, 6]
   stall: start phase 0, moves (1, 0, 1, 0), fronts mod P [0, 1, 1, 5, 5]
   stall: start phase 0, moves (1, 1, 0, 1), fronts mod P [0, 1, 7, 7, 11]
   ?: start phase 0, moves (0, 0, 0, 0), fronts mod P [0, 0, 0, 0, 0]
   ?: start phase 0, moves (0, 0, 0, 1), fronts mod P [0, 0, 0, 0, 1]
   ?: start phase 0, moves (0, 1, 0, 0), fronts mod P [0, 0, 1, 1, 1]
   ?: start phase 1, moves (0, 0, 0, 0), fronts mod P [1, 1, 1, 1, 1]
   ?: start phase 1, moves (1, 0, 0, 0), fronts mod P [1, 4, 4, 4, 4]
   ?: start phase 1, moves (1, 0, 1, 0), fronts mod P [1, 4, 4, 5, 5]
d=87866 K=5: 256 histories: forced advance 51, forced stall 100, undecided 105
   stall: start phase 0, moves (0, 0, 0, 1), fronts mod P [0, 0, 0, 0, 3]
   stall: start phase 0, moves (0, 0, 1, 0), fronts mod P [0, 0, 0, 2, 2]
   stall: start phase 0, moves (0, 1, 0, 1), fronts mod P [0, 0, 3, 3, 5]
   stall: start phase 0, moves (0, 1, 1, 0), fronts mod P [0, 0, 3, 4, 4]
   stall: start phase 0, moves (1, 0, 0, 1), fronts mod P [0, 1, 1, 1, 3]
   stall: start phase 0, moves (1, 1, 0, 1), fronts mod P [0, 1, 3, 3, 5]
   ?: start phase 0, moves (0, 0, 0, 0), fronts mod P [0, 0, 0, 0, 0]
   ?: start phase 0, moves (0, 1, 0, 0), fronts mod P [0, 0, 3, 3, 3]
   ?: start phase 0, moves (1, 0, 0, 0), fronts mod P [0, 1, 1, 1, 1]
   ?: start phase 0, moves (1, 0, 1, 0), fronts mod P [0, 1, 1, 2, 2]
   ?: start phase 0, moves (1, 0, 1, 1), fronts mod P [0, 1, 1, 2, 3]
   ?: start phase 0, moves (1, 1, 0, 0), fronts mod P [0, 1, 3, 3, 3]
d=28 K=5: 64 histories: forced advance 14, forced stall 19, undecided 31
   stall: start phase 0, moves (0, 0, 1, 1), fronts mod P [0, 0, 0, 3, 1]
   stall: start phase 0, moves (0, 1, 0, 1), fronts mod P [0, 0, 3, 3, 1]
   stall: start phase 0, moves (0, 1, 1, 0), fronts mod P [0, 0, 3, 0, 0]
   stall: start phase 0, moves (1, 0, 1, 1), fronts mod P [0, 2, 2, 3, 1]
   stall: start phase 0, moves (1, 1, 0, 1), fronts mod P [0, 2, 3, 3, 1]
   stall: start phase 1, moves (0, 0, 1, 1), fronts mod P [1, 1, 1, 3, 1]
   ?: start phase 0, moves (0, 0, 0, 0), fronts mod P [0, 0, 0, 0, 0]
   ?: start phase 0, moves (0, 0, 0, 1), fronts mod P [0, 0, 0, 0, 1]
   ?: start phase 0, moves (0, 1, 0, 0), fronts mod P [0, 0, 3, 3, 3]
   ?: start phase 0, moves (1, 0, 0, 1), fronts mod P [0, 2, 2, 2, 3]
   ?: start phase 0, moves (1, 1, 0, 0), fronts mod P [0, 2, 3, 3, 3]
   ?: start phase 0, moves (1, 1, 1, 0), fronts mod P [0, 2, 3, 0, 0]
d=58286 K=5: 256 histories: forced advance 56, forced stall 83, undecided 117
   stall: start phase 0, moves (0, 0, 0, 1), fronts mod P [0, 0, 0, 0, 2]
   stall: start phase 0, moves (0, 1, 0, 1), fronts mod P [0, 0, 2, 2, 4]
   stall: start phase 0, moves (1, 0, 1, 1), fronts mod P [0, 3, 3, 6, 8]
   stall: start phase 0, moves (1, 1, 0, 1), fronts mod P [0, 3, 6, 6, 8]
   stall: start phase 1, moves (0, 0, 1, 1), fronts mod P [1, 1, 1, 2, 4]
   stall: start phase 1, moves (0, 1, 0, 1), fronts mod P [1, 1, 2, 2, 4]
   ?: start phase 0, moves (0, 0, 0, 0), fronts mod P [0, 0, 0, 0, 0]
   ?: start phase 0, moves (0, 0, 1, 0), fronts mod P [0, 0, 0, 1, 1]
   ?: start phase 0, moves (0, 0, 1, 1), fronts mod P [0, 0, 0, 1, 2]
   ?: start phase 0, moves (0, 1, 0, 0), fronts mod P [0, 0, 2, 2, 2]
   ?: start phase 0, moves (0, 1, 1, 0), fronts mod P [0, 0, 2, 3, 3]
   ?: start phase 0, moves (0, 1, 1, 1), fronts mod P [0, 0, 2, 3, 4]
