frozen column b_B(d) = r_d(d) for d = 90,001 .. 1,000,000,000 (999,910,000 bits)
autocorrelation at 26 lags: r_k = mean x_i x_(i+k), x = 1 - 2 b; z = r_k sqrt(N - k)
  lag   1: r = -2.459e-06  z = -0.08
  lag   2: r = +1.760e-07  z = +0.01
  lag   3: r = +2.905e-05  z = +0.92
  lag   4: r = +3.155e-05  z = +1.00
  lag   5: r = -1.929e-06  z = -0.06
  lag   6: r = -1.478e-05  z = -0.47
  lag   7: r = +3.356e-05  z = +1.06
  lag   8: r = +5.263e-05  z = +1.66
  lag   9: r = -7.878e-06  z = -0.25
  lag  10: r = +1.461e-05  z = +0.46
  lag  11: r = -9.301e-08  z = -0.00
  lag  12: r = +4.830e-05  z = +1.53
  lag  13: r = +6.671e-07  z = +0.02
  lag  14: r = +2.231e-05  z = +0.71
  lag  15: r = -5.888e-06  z = -0.19
  lag  16: r = +2.204e-05  z = +0.70
  lag  24: r = -4.074e-05  z = -1.29
  lag  31: r = +3.383e-06  z = +0.11
  lag  32: r = -3.925e-05  z = -1.24
  lag  33: r = -3.225e-05  z = -1.02
  lag  48: r = -6.569e-05  z = -2.08
  lag  63: r = +7.658e-06  z = +0.24
  lag  64: r = -1.946e-04  z = -6.15
  lag  65: r = +2.839e-05  z = +0.90
  lag  96: r = -3.374e-06  z = -0.11
  lag 128: r = -3.248e-05  z = -1.03
